------------------------------------------------------------
Timing Analyzer Summary
------------------------------------------------------------

Type  : Slow 1200mV 85C Model Setup 'clk_n'
Slack : -12.024
TNS   : -10733.994

Type  : Slow 1200mV 85C Model Setup 'sdram_controller:inst_sdram|rd_ready_r'
Slack : -0.034
TNS   : -0.049

Type  : Slow 1200mV 85C Model Hold 'sdram_controller:inst_sdram|rd_ready_r'
Slack : 0.346
TNS   : 0.000

Type  : Slow 1200mV 85C Model Hold 'clk_n'
Slack : 0.358
TNS   : 0.000

Type  : Slow 1200mV 85C Model Recovery 'clk_n'
Slack : -2.524
TNS   : -1922.549

Type  : Slow 1200mV 85C Model Removal 'clk_n'
Slack : 2.537
TNS   : 0.000

Type  : Slow 1200mV 85C Model Minimum Pulse Width 'clk_n'
Slack : -3.000
TNS   : -1087.522

Type  : Slow 1200mV 85C Model Minimum Pulse Width 'sdram_controller:inst_sdram|rd_ready_r'
Slack : -1.000
TNS   : -3.000

Type  : Slow 1200mV 0C Model Setup 'clk_n'
Slack : -10.786
TNS   : -9591.895

Type  : Slow 1200mV 0C Model Setup 'sdram_controller:inst_sdram|rd_ready_r'
Slack : 0.076
TNS   : 0.000

Type  : Slow 1200mV 0C Model Hold 'clk_n'
Slack : 0.312
TNS   : 0.000

Type  : Slow 1200mV 0C Model Hold 'sdram_controller:inst_sdram|rd_ready_r'
Slack : 0.312
TNS   : 0.000

Type  : Slow 1200mV 0C Model Recovery 'clk_n'
Slack : -2.203
TNS   : -1680.399

Type  : Slow 1200mV 0C Model Removal 'clk_n'
Slack : 2.335
TNS   : 0.000

Type  : Slow 1200mV 0C Model Minimum Pulse Width 'clk_n'
Slack : -3.000
TNS   : -1087.522

Type  : Slow 1200mV 0C Model Minimum Pulse Width 'sdram_controller:inst_sdram|rd_ready_r'
Slack : -1.000
TNS   : -3.000

Type  : Fast 1200mV 0C Model Setup 'clk_n'
Slack : -6.361
TNS   : -5622.692

Type  : Fast 1200mV 0C Model Setup 'sdram_controller:inst_sdram|rd_ready_r'
Slack : 0.415
TNS   : 0.000

Type  : Fast 1200mV 0C Model Hold 'sdram_controller:inst_sdram|rd_ready_r'
Slack : 0.128
TNS   : 0.000

Type  : Fast 1200mV 0C Model Hold 'clk_n'
Slack : 0.186
TNS   : 0.000

Type  : Fast 1200mV 0C Model Recovery 'clk_n'
Slack : -0.969
TNS   : -735.515

Type  : Fast 1200mV 0C Model Removal 'clk_n'
Slack : 1.359
TNS   : 0.000

Type  : Fast 1200mV 0C Model Minimum Pulse Width 'clk_n'
Slack : -3.000
TNS   : -1180.470

Type  : Fast 1200mV 0C Model Minimum Pulse Width 'sdram_controller:inst_sdram|rd_ready_r'
Slack : -1.000
TNS   : -3.000

------------------------------------------------------------
